<html>
<body>
<pre>
<h1>µVision Build Log</h1>
<h2>Tool Versions:</h2>
IDE-Version: ¦ÌVision V5.23.0.0
Copyright (C) 2017 ARM Ltd and ARM Germany GmbH. All rights reserved.
License Information: stream stream, stream, LIC=PE730-B4FG1-M9QGG-VI6WV-5ZIPZ-6IWWY
 
Tool Versions:
Toolchain:       MDK-ARM Plus  Version: 5.23
Toolchain Path:  F:\Program Files (x86)\KEIL_V5\ARM\ARMCC\Bin
C Compiler:      Armcc.exe V5.06 update 4 (build 422)
Assembler:       Armasm.exe V5.06 update 4 (build 422)
Linker/Locator:  ArmLink.exe V5.06 update 4 (build 422)
Library Manager: ArmAr.exe V5.06 update 4 (build 422)
Hex Converter:   FromElf.exe V5.06 update 4 (build 422)
CPU DLL:         SARMCM3.DLL V5.23
Dialog DLL:      DCM.DLL V1.15.0.0
Target DLL:      STLink\ST-LINKIII-KEIL_SWO.dll V2.0.18.0
Dialog DLL:      TCM.DLL V1.27.0.0
 
<h2>Project:</h2>
F:\GitHub\tcp\code\STM32H750VBT6\MDK-ARM\STM32H750VBT6.uvprojx
Project File Date:  08/21/2020

<h2>Output:</h2>
*** Using Compiler 'V5.06 update 4 (build 422)', folder: 'F:\Program Files (x86)\KEIL_V5\ARM\ARMCC\Bin'
Build target 'STM32H750VBT6'
compiling main.c...
linking...
Program Size: Code=9392 RO-data=736 RW-data=20 ZI-data=1156  
FromELF: creating hex file...
"STM32H750VBT6\STM32H750VBT6.axf" - 0 Error(s), 0 Warning(s).

<h2>Software Packages used:</h2>

Package Vendor: ARM
                http://www.keil.com/pack/ARM.CMSIS.5.4.0.pack
                ARM::CMSIS:CORE:5.1.2
                CMSIS (Cortex Microcontroller Software Interface Standard)
   * Component: CORE Version: 5.1.2

<h2>Collection of Component include folders:</h2>
  .\RTE\_STM32H750VBT6
  F:\Program Files (x86)\KEIL_V5\ARM\PACK\ARM\CMSIS\5.4.0\CMSIS\Core\Include
  F:\Program Files (x86)\KEIL_V5\ARM\PACK\Keil\STM32H7xx_DFP\2.5.0\Drivers\CMSIS\Device\ST\STM32H7xx\Include

<h2>Collection of Component Files used:</h2>

   * Component: ARM::CMSIS:CORE:5.1.2
Build Time Elapsed:  00:00:07
</pre>
</body>
</html>
